REPL command: query example/select_product product_id=0