{"userName":"testUserName","funcId":"testFunction","sqlId":"333","sqlName":"example\/insert_product","sql":"insert into product ( \tPRODUCT_ID ,\tPRODUCT_NAME ,\tPRODUCT_KANA_NAME ,\tJAN_CODE ,\tPRODUCT_DESCRIPTION ,\tINS_DATETIME ,\tUPD_DATETIME ,\tVERSION_NO ) values ( \t?\/*product_id*\/ ,\t?\/*product_name*\/ ,\t?\/*product_kana_name*\/ ,\t?\/*jan_code*\/ ,\t?\/*product_description*\/ ,\t?\/*ins_datetime*\/ ,\t?\/*upd_datetime*\/ ,\t?\/*version_no*\/ )","rowCount":1}