testUserName,testFunction,111,example\/select_product,SELECT \/* 111 *\/ \t* FROM \tPRODUCT WHERE 1 = 1 AND\tPRODUCT_ID\tIN\t(?, ?)\/*product_id*\/ ORDER BY PRODUCT_ID,1