{"userName":"testUserName","funcId":"testFunction","sqlId":"222","sqlName":"example\/selectinsert_product","sql":"insert into product(product_id, product_name, product_kana_name, jan_code, product_description, ins_datetime, upd_datetime, version_no) select ?\/*product_id*\/, product_name, product_kana_name, jan_code, product_description, ins_datetime, ins_datetime, 0 from product_regist_work where jan_code = ?\/*jan_code*\/","rowCount":1}