Before Set Parameter - Parameter:Parameter name[product_id], Value[1], Class[BigDecimal]
Before Set Parameter - Parameter:Parameter name[product_name], Value[商品名1], Class[String]
Before Set Parameter - Parameter:Parameter name[product_kana_name], Value[ショウヒンメイイチ], Class[String]
Before Set Parameter - Parameter:Parameter name[jan_code], Value[1234567890123], Class[String]
Before Set Parameter - Parameter:Parameter name[product_description], Value[1番目の商品], Class[String]
Before Set Parameter - Parameter:Parameter name[ins_datetime], Value[2005-12-12 10:10:10.0], Class[Timestamp]
Before Set Parameter - Parameter:Parameter name[upd_datetime], Value[2005-12-12 10:10:10.0], Class[Timestamp]
Before Set Parameter - Parameter:Parameter name[version_no], Value[0], Class[BigDecimal]
Before Set Parameter - Parameter:Parameter name[product_id], Value[2], Class[BigDecimal]
Before Set Parameter - Parameter:Parameter name[product_name], Value[商品名2], Class[String]
Before Set Parameter - Parameter:Parameter name[product_kana_name], Value[ショウヒンメイニ], Class[String]
Before Set Parameter - Parameter:Parameter name[jan_code], Value[1234567890124], Class[String]
Before Set Parameter - Parameter:Parameter name[product_description], Value[2番目の商品], Class[String]
Before Set Parameter - Parameter:Parameter name[ins_datetime], Value[2005-12-12 10:10:10.0], Class[Timestamp]
Before Set Parameter - Parameter:Parameter name[upd_datetime], Value[2005-12-12 10:10:10.0], Class[Timestamp]
Before Set Parameter - Parameter:Parameter name[version_no], Value[0], Class[BigDecimal]
Execute Update - sqlName:example/insert_product executed. Results:[1]