
+----------+------------+------------------+-------------+-------------------+---------------------+---------------------+----------+
|PRODUCT_ID|PRODUCT_NAME|PRODUCT_KANA_NAME |  JAN_CODE   |PRODUCT_DESCRIPTION|    INS_DATETIME     |    UPD_DATETIME     |VERSION_NO|
+----------+------------+------------------+-------------+-------------------+---------------------+---------------------+----------+
|         0|商品名0     |ショウヒンメイゼロ|1234567890123|0番目の商品        |2005-12-12 10:10:10.0|2005-12-12 10:10:10.0|         0|
+----------+------------+------------------+-------------+-------------------+---------------------+---------------------+----------+
