
+-------+-------+-------+-------+-------+-------+-------+-------+-------+--------+--------+--------+--------+--------+--------+--------+--------+--------+--------+--------+--------+--------+--------+--------+--------+--------+--------+--------+--------+--------+--------+--------+--------+--------+--------+--------+--------+--------+--------+--------+--------+--------+--------+--------+--------+--------+--------+--------+--------+--------+--------+--------+--------+--------+--------+--------+--------+--------+--------+--------+--------+--------+--------+--------+--------+--------+--------+--------+--------+--------+--------+--------+--------+--------+--------+--------+--------+--------+--------+--------+--------+--------+--------+--------+--------+--------+--------+--------+--------+--------+--------+--------+--------+--------+--------+--------+--------+--------+--------+---------+
| COL1  | COL2  | COL3  | COL4  | COL5  | COL6  | COL7  | COL8  | COL9  | COL10  | COL11  | COL12  | COL13  | COL14  | COL15  | COL16  | COL17  | COL18  | COL19  | COL20  | COL21  | COL22  | COL23  | COL24  | COL25  | COL26  | COL27  | COL28  | COL29  | COL30  | COL31  | COL32  | COL33  | COL34  | COL35  | COL36  | COL37  | COL38  | COL39  | COL40  | COL41  | COL42  | COL43  | COL44  | COL45  | COL46  | COL47  | COL48  | COL49  | COL50  | COL51  | COL52  | COL53  | COL54  | COL55  | COL56  | COL57  | COL58  | COL59  | COL60  | COL61  | COL62  | COL63  | COL64  | COL65  | COL66  | COL67  | COL68  | COL69  | COL70  | COL71  | COL72  | COL73  | COL74  | COL75  | COL76  | COL77  | COL78  | COL79  | COL80  | COL81  | COL82  | COL83  | COL84  | COL85  | COL86  | COL87  | COL88  | COL89  | COL90  | COL91  | COL92  | COL93  | COL94  | COL95  | COL96  | COL97  | COL98  | COL99  | COL100  |
+-------+-------+-------+-------+-------+-------+-------+-------+-------+--------+--------+--------+--------+--------+--------+--------+--------+--------+--------+--------+--------+--------+--------+--------+--------+--------+--------+--------+--------+--------+--------+--------+--------+--------+--------+--------+--------+--------+--------+--------+--------+--------+--------+--------+--------+--------+--------+--------+--------+--------+--------+--------+--------+--------+--------+--------+--------+--------+--------+--------+--------+--------+--------+--------+--------+--------+--------+--------+--------+--------+--------+--------+--------+--------+--------+--------+--------+--------+--------+--------+--------+--------+--------+--------+--------+--------+--------+--------+--------+--------+--------+--------+--------+--------+--------+--------+--------+--------+--------+---------+
|value1 |value2 |value3 |value4 |value5 |value6 |value7 |value8 |value9 |value10 |value11 |value12 |value13 |value14 |value15 |value16 |value17 |value18 |value19 |value20 |value21 |value22 |value23 |value24 |value25 |value26 |value27 |value28 |value29 |value30 |value31 |value32 |value33 |value34 |value35 |value36 |value37 |value38 |value39 |value40 |value41 |value42 |value43 |value44 |value45 |value46 |value47 |value48 |value49 |value50 |value51 |value52 |value53 |value54 |value55 |value56 |value57 |value58 |value59 |value60 |value61 |value62 |value63 |value64 |value65 |value66 |value67 |value68 |value69 |value70 |value71 |value72 |value73 |value74 |value75 |value76 |value77 |value78 |value79 |value80 |value81 |value82 |value83 |value84 |value85 |value86 |value87 |value88 |value89 |value90 |value91 |value92 |value93 |value94 |value95 |value96 |value97 |value98 |value99 |value100 |
|value2 |value4 |value6 |value8 |value10|value12|value14|value16|value18|value20 |value22 |value24 |value26 |value28 |value30 |value32 |value34 |value36 |value38 |value40 |value42 |value44 |value46 |value48 |value50 |value52 |value54 |value56 |value58 |value60 |value62 |value64 |value66 |value68 |value70 |value72 |value74 |value76 |value78 |value80 |value82 |value84 |value86 |value88 |value90 |value92 |value94 |value96 |value98 |value100|value102|value104|value106|value108|value110|value112|value114|value116|value118|value120|value122|value124|value126|value128|value130|value132|value134|value136|value138|value140|value142|value144|value146|value148|value150|value152|value154|value156|value158|value160|value162|value164|value166|value168|value170|value172|value174|value176|value178|value180|value182|value184|value186|value188|value190|value192|value194|value196|value198|value200 |
|value3 |value6 |value9 |value12|value15|value18|value21|value24|value27|value30 |value33 |value36 |value39 |value42 |value45 |value48 |value51 |value54 |value57 |value60 |value63 |value66 |value69 |value72 |value75 |value78 |value81 |value84 |value87 |value90 |value93 |value96 |value99 |value102|value105|value108|value111|value114|value117|value120|value123|value126|value129|value132|value135|value138|value141|value144|value147|value150|value153|value156|value159|value162|value165|value168|value171|value174|value177|value180|value183|value186|value189|value192|value195|value198|value201|value204|value207|value210|value213|value216|value219|value222|value225|value228|value231|value234|value237|value240|value243|value246|value249|value252|value255|value258|value261|value264|value267|value270|value273|value276|value279|value282|value285|value288|value291|value294|value297|value300 |
|value4 |value8 |value12|value16|value20|value24|value28|value32|value36|value40 |value44 |value48 |value52 |value56 |value60 |value64 |value68 |value72 |value76 |value80 |value84 |value88 |value92 |value96 |value100|value104|value108|value112|value116|value120|value124|value128|value132|value136|value140|value144|value148|value152|value156|value160|value164|value168|value172|value176|value180|value184|value188|value192|value196|value200|value204|value208|value212|value216|value220|value224|value228|value232|value236|value240|value244|value248|value252|value256|value260|value264|value268|value272|value276|value280|value284|value288|value292|value296|value300|value304|value308|value312|value316|value320|value324|value328|value332|value336|value340|value344|value348|value352|value356|value360|value364|value368|value372|value376|value380|value384|value388|value392|value396|value400 |
|value5 |value10|value15|value20|value25|value30|value35|value40|value45|value50 |value55 |value60 |value65 |value70 |value75 |value80 |value85 |value90 |value95 |value100|value105|value110|value115|value120|value125|value130|value135|value140|value145|value150|value155|value160|value165|value170|value175|value180|value185|value190|value195|value200|value205|value210|value215|value220|value225|value230|value235|value240|value245|value250|value255|value260|value265|value270|value275|value280|value285|value290|value295|value300|value305|value310|value315|value320|value325|value330|value335|value340|value345|value350|value355|value360|value365|value370|value375|value380|value385|value390|value395|value400|value405|value410|value415|value420|value425|value430|value435|value440|value445|value450|value455|value460|value465|value470|value475|value480|value485|value490|value495|value500 |
|value6 |value12|value18|value24|value30|value36|value42|value48|value54|value60 |value66 |value72 |value78 |value84 |value90 |value96 |value102|value108|value114|value120|value126|value132|value138|value144|value150|value156|value162|value168|value174|value180|value186|value192|value198|value204|value210|value216|value222|value228|value234|value240|value246|value252|value258|value264|value270|value276|value282|value288|value294|value300|value306|value312|value318|value324|value330|value336|value342|value348|value354|value360|value366|value372|value378|value384|value390|value396|value402|value408|value414|value420|value426|value432|value438|value444|value450|value456|value462|value468|value474|value480|value486|value492|value498|value504|value510|value516|value522|value528|value534|value540|value546|value552|value558|value564|value570|value576|value582|value588|value594|value600 |
|value7 |value14|value21|value28|value35|value42|value49|value56|value63|value70 |value77 |value84 |value91 |value98 |value105|value112|value119|value126|value133|value140|value147|value154|value161|value168|value175|value182|value189|value196|value203|value210|value217|value224|value231|value238|value245|value252|value259|value266|value273|value280|value287|value294|value301|value308|value315|value322|value329|value336|value343|value350|value357|value364|value371|value378|value385|value392|value399|value406|value413|value420|value427|value434|value441|value448|value455|value462|value469|value476|value483|value490|value497|value504|value511|value518|value525|value532|value539|value546|value553|value560|value567|value574|value581|value588|value595|value602|value609|value616|value623|value630|value637|value644|value651|value658|value665|value672|value679|value686|value693|value700 |
|value8 |value16|value24|value32|value40|value48|value56|value64|value72|value80 |value88 |value96 |value104|value112|value120|value128|value136|value144|value152|value160|value168|value176|value184|value192|value200|value208|value216|value224|value232|value240|value248|value256|value264|value272|value280|value288|value296|value304|value312|value320|value328|value336|value344|value352|value360|value368|value376|value384|value392|value400|value408|value416|value424|value432|value440|value448|value456|value464|value472|value480|value488|value496|value504|value512|value520|value528|value536|value544|value552|value560|value568|value576|value584|value592|value600|value608|value616|value624|value632|value640|value648|value656|value664|value672|value680|value688|value696|value704|value712|value720|value728|value736|value744|value752|value760|value768|value776|value784|value792|value800 |
|value9 |value18|value27|value36|value45|value54|value63|value72|value81|value90 |value99 |value108|value117|value126|value135|value144|value153|value162|value171|value180|value189|value198|value207|value216|value225|value234|value243|value252|value261|value270|value279|value288|value297|value306|value315|value324|value333|value342|value351|value360|value369|value378|value387|value396|value405|value414|value423|value432|value441|value450|value459|value468|value477|value486|value495|value504|value513|value522|value531|value540|value549|value558|value567|value576|value585|value594|value603|value612|value621|value630|value639|value648|value657|value666|value675|value684|value693|value702|value711|value720|value729|value738|value747|value756|value765|value774|value783|value792|value801|value810|value819|value828|value837|value846|value855|value864|value873|value882|value891|value900 |
|value10|value20|value30|value40|value50|value60|value70|value80|value90|value100|value110|value120|value130|value140|value150|value160|value170|value180|value190|value200|value210|value220|value230|value240|value250|value260|value270|value280|value290|value300|value310|value320|value330|value340|value350|value360|value370|value380|value390|value400|value410|value420|value430|value440|value450|value460|value470|value480|value490|value500|value510|value520|value530|value540|value550|value560|value570|value580|value590|value600|value610|value620|value630|value640|value650|value660|value670|value680|value690|value700|value710|value720|value730|value740|value750|value760|value770|value780|value790|value800|value810|value820|value830|value840|value850|value860|value870|value880|value890|value900|value910|value920|value930|value940|value950|value960|value970|value980|value990|value1000|
+-------+-------+-------+-------+-------+-------+-------+-------+-------+--------+--------+--------+--------+--------+--------+--------+--------+--------+--------+--------+--------+--------+--------+--------+--------+--------+--------+--------+--------+--------+--------+--------+--------+--------+--------+--------+--------+--------+--------+--------+--------+--------+--------+--------+--------+--------+--------+--------+--------+--------+--------+--------+--------+--------+--------+--------+--------+--------+--------+--------+--------+--------+--------+--------+--------+--------+--------+--------+--------+--------+--------+--------+--------+--------+--------+--------+--------+--------+--------+--------+--------+--------+--------+--------+--------+--------+--------+--------+--------+--------+--------+--------+--------+--------+--------+--------+--------+--------+--------+---------+